{"baseline_allocated_gib": 1.790827751159668, "batch_size": 8, "data_wait_seconds": {"maximum": 1.4340341549832374, "mean": 0.014503479662816971, "median": 0.00016846701328177005, "minimum": 6.562899216078222e-05, "p05": 7.927527913125232e-05, "p95": 0.00020920194947393606, "standard_deviation": 0.14338694242315195, "trimmed_mean_5_percent": 0.00016514421375985776}, "incremental_peak_allocated_gib": 1.3331828117370605, "maximum_target_edges": 127, "maximum_target_nodes": 120, "measured_steps": 100, "parameters": 116801861, "peak_allocated_gib": 3.1240105628967285, "peak_reserved_gib": 3.89453125, "queries": 192, "query_embedding_parameters": 107088, "samples_per_second": {"maximum": 130.92579776113732, "mean": 103.03326330372724, "median": 108.12786683239122, "minimum": 5.934604445171338, "p05": 82.20892441406707, "p95": 123.96601623501255, "standard_deviation": 18.995202894146015, "trimmed_mean_5_percent": 104.86662544233303}, "train_step_seconds": {"maximum": 0.2551568920025602, "mean": 0.08130149107077159, "median": 0.07398667649249546, "minimum": 0.06110331299714744, "p05": 0.06453431590780383, "p95": 0.09731314682430821, "standard_deviation": 0.027040231930144838, "trimmed_mean_5_percent": 0.07724645766785317}, "trainable_parameters": 111913349, "warmup_steps": 5}
{"baseline_allocated_gib": 1.789504051208496, "batch_size": 8, "data_wait_seconds": {"maximum": 1.4453952969925012, "mean": 0.01461778494034661, "median": 0.00016896800661925226, "minimum": 6.147500243969262e-05, "p05": 8.411223243456333e-05, "p95": 0.00020500530081335447, "standard_deviation": 0.14452298715809514, "trimmed_mean_5_percent": 0.00016502474479946413}, "incremental_peak_allocated_gib": 1.2339019775390625, "maximum_target_edges": 127, "maximum_target_nodes": 120, "measured_steps": 100, "parameters": 116762117, "peak_allocated_gib": 3.0234060287475586, "peak_reserved_gib": 3.78515625, "queries": 120, "query_embedding_parameters": 67344, "samples_per_second": {"maximum": 132.94131160031998, "mean": 104.14066815195869, "median": 105.94659090688894, "minimum": 19.609431889418957, "p05": 88.63196335115212, "p95": 125.8745327744926, "standard_deviation": 17.979817927466158, "trimmed_mean_5_percent": 105.74922479616818}, "train_step_seconds": {"maximum": 0.2831144589872565, "mean": 0.07968969369831029, "median": 0.07538893549644854, "minimum": 0.050995867990422994, "p05": 0.06325909739243799, "p95": 0.09023698420642176, "standard_deviation": 0.02924182846545394, "trimmed_mean_5_percent": 0.07607992036500946}, "trainable_parameters": 111873605, "warmup_steps": 5}
{
  "incremental_peak_allocated_increase_fraction": 0.0804608761516108,
  "incremental_peak_allocated_increase_gib": 0.09928083419799805,
  "median_time_increase_fraction": -0.01860032901007247,
  "parameter_increase": 39744,
  "parameter_increase_fraction": 0.0003403843731266676,
  "peak_allocated_increase_fraction": 0.03327523104491692,
  "peak_allocated_increase_gib": 0.10060453414916992,
  "throughput_change_fraction": -0.010633740573044559,
  "time_increase_fraction": 0.020225920036325507,
  "trimmed_mean_time_increase_fraction": 0.015333051050093083
}
{
  "loss_total": 12.732155799865723,
  "peak_allocated_gib": 2.199979305267334,
  "queries": 192,
  "sample_id": "sample_000425_0069",
  "success": true,
  "target_edges": 200,
  "target_nodes": 177,
  "train_step_seconds": 0.10012958597508259
}
