/lustre/fshomisc/sup/pub/anaconda-py3/h100/2024.06/envs/pytorch-gpu-2.3.1+py3.11.9/lib/python3.11/site-packages/paramiko/pkey.py:82: CryptographyDeprecationWarning: TripleDES has been moved to cryptography.hazmat.decrepit.ciphers.algorithms.TripleDES and will be removed from this module in 48.0.0.
  "cipher": algorithms.TripleDES,
/lustre/fshomisc/sup/pub/anaconda-py3/h100/2024.06/envs/pytorch-gpu-2.3.1+py3.11.9/lib/python3.11/site-packages/paramiko/transport.py:219: CryptographyDeprecationWarning: Blowfish has been moved to cryptography.hazmat.decrepit.ciphers.algorithms.Blowfish and will be removed from this module in 45.0.0.
  "class": algorithms.Blowfish,
/lustre/fshomisc/sup/pub/anaconda-py3/h100/2024.06/envs/pytorch-gpu-2.3.1+py3.11.9/lib/python3.11/site-packages/paramiko/transport.py:243: CryptographyDeprecationWarning: TripleDES has been moved to cryptography.hazmat.decrepit.ciphers.algorithms.TripleDES and will be removed from this module in 48.0.0.
  "class": algorithms.TripleDES,
/lustre/fshomisc/sup/pub/anaconda-py3/h100/2024.06/envs/pytorch-gpu-2.3.1+py3.11.9/lib/python3.11/site-packages/torchvision-0.18.1a0+126fc22-py3.11-linux-x86_64.egg/torchvision/io/image.py:13: UserWarning: Failed to load image Python extension: ''If you don't plan on using image functionality from `torchvision.io`, you can ignore this warning. Otherwise, there might be something wrong with your environment. Did you have `libjpeg` or `libpng` installed before building `torchvision` from source?
  warn(
/lustre/fswork/projects/rech/vnc/upz25mj/projects/Graph-Native-Betti-Matching/models/ops/modules/ms_deform_attn.py:56: UserWarning: You'd better set d_model in MSDeformAttn to make the dimension of each attention head a power of 2 which is more efficient in our CUDA implementation.
  warnings.warn("You'd better set d_model in MSDeformAttn to make the dimension of each attention head a power of 2 "
/lustre/fswork/projects/rech/vnc/upz25mj/projects/Graph-Native-Betti-Matching/models/ops/modules/ms_deform_attn.py:56: UserWarning: You'd better set d_model in MSDeformAttn to make the dimension of each attention head a power of 2 which is more efficient in our CUDA implementation.
  warnings.warn("You'd better set d_model in MSDeformAttn to make the dimension of each attention head a power of 2 "
	Command being timed: "/lustre/fswork/projects/rech/vnc/upz25mj/venvs/vascular-graph-extraction-h100-torch231/bin/python -u -m scripts.benchmark_ixi_object_queries --config configs/finetune_synthetic_mri.yaml --dataset /lustre/fswork/projects/rech/vnc/upz25mj/projects/Graph-Native-Betti-Matching/docs/research/artifacts/ixi_query_benchmark/paired --overflow-dataset /lustre/fswork/projects/rech/vnc/upz25mj/projects/Graph-Native-Betti-Matching/docs/research/artifacts/ixi_query_benchmark/overflow --overflow-manifest /lustre/fswork/projects/rech/vnc/upz25mj/projects/Graph-Native-Betti-Matching/docs/research/evidence/ixi_query_benchmark/selection/overflow_patches.csv --output /lustre/fswork/projects/rech/vnc/upz25mj/projects/Graph-Native-Betti-Matching/docs/research/evidence/ixi_query_benchmark/runs/20260920T084050Z/results --batch-size 8 --workers 4 --warmup-steps 5 --measured-steps 100 --query-order 192 120"
	User time (seconds): 70.71
	System time (seconds): 24.11
	Percent of CPU this job got: 170%
	Elapsed (wall clock) time (h:mm:ss or m:ss): 0:55.53
	Average shared text size (kbytes): 0
	Average unshared data size (kbytes): 0
	Average stack size (kbytes): 0
	Average total size (kbytes): 0
	Maximum resident set size (kbytes): 2944164
	Average resident set size (kbytes): 0
	Major (requiring I/O) page faults: 59945
	Minor (reclaiming a frame) page faults: 3149632
	Voluntary context switches: 406836
	Involuntary context switches: 3517
	Swaps: 0
	File system inputs: 1722152
	File system outputs: 304
	Socket messages sent: 0
	Socket messages received: 0
	Signals delivered: 0
	Page size (bytes): 4096
	Exit status: 0
