2026-09-22T12:13:36+02:00
/lustre/fshomisc/sup/pub/anaconda-py3/h100/2024.06/envs/pytorch-gpu-2.3.1+py3.11.9/lib/python3.11/site-packages/paramiko/pkey.py:82: CryptographyDeprecationWarning: TripleDES has been moved to cryptography.hazmat.decrepit.ciphers.algorithms.TripleDES and will be removed from this module in 48.0.0.
  "cipher": algorithms.TripleDES,
/lustre/fshomisc/sup/pub/anaconda-py3/h100/2024.06/envs/pytorch-gpu-2.3.1+py3.11.9/lib/python3.11/site-packages/paramiko/transport.py:219: CryptographyDeprecationWarning: Blowfish has been moved to cryptography.hazmat.decrepit.ciphers.algorithms.Blowfish and will be removed from this module in 45.0.0.
  "class": algorithms.Blowfish,
/lustre/fshomisc/sup/pub/anaconda-py3/h100/2024.06/envs/pytorch-gpu-2.3.1+py3.11.9/lib/python3.11/site-packages/paramiko/transport.py:243: CryptographyDeprecationWarning: TripleDES has been moved to cryptography.hazmat.decrepit.ciphers.algorithms.TripleDES and will be removed from this module in 48.0.0.
  "class": algorithms.TripleDES,
Extracting original Vedo dense centerline

============================================================
PROCESSING CASE: original_output
File: docs/research/evidence/vedo_original_ct001/full_volume/intermediate/binary_segmentation.nii.gz
============================================================
  Loading NIFTI...
  Generating Reference Mesh...
  Skeletonizing...
  Handling Orphans (Threshold > 2.5)...
    Orphans kept after merge: 95
  Building Graph...
    Orphans removed (bridges/unconnected): 91
  Pruning...
  Filtering Components < 7 nodes...
    Removed 6 nodes. (Graph size: 3177 -> 3171)
  Smoothing...
  Applying Alignment Matrix...
  Saving Results...
    -> Saved PKL: docs/research/evidence/vedo_original_ct001/full_volume/intermediate/original_output/vessel_data.pkl
    -> Saved VTP: docs/research/evidence/vedo_original_ct001/full_volume/intermediate/original_output/vessel_graph_aligned.vtp
  Done with original_output.

Extracting current dense centerline
Deriving both graphs under the same compact graph policy
{"current": {"components": 5, "cycle_rank": 73, "degree_two": 2980, "edge_samples": 18235, "edge_samples_outside_mask": 67, "edges": 3229, "endpoints": 37, "junctions": 144, "nodes": 3161, "nodes_outside_mask": 0, "total_length_mm": 2369.315356566189}, "original_vedo": {"components": 4, "cycle_rank": 45, "degree_two": 2891, "edge_samples": 15858, "edge_samples_outside_mask": 366, "edges": 3212, "endpoints": 102, "junctions": 178, "nodes": 3171, "nodes_outside_mask": 78, "total_length_mm": 1967.1324599849636}}
{"current": {"components": 5, "cycle_rank": 73, "degree_two": 319, "edge_samples": 12101, "edge_samples_outside_mask": 344, "edges": 568, "endpoints": 37, "junctions": 144, "nodes": 500, "nodes_outside_mask": 0, "total_length_mm": 1996.3165623550838}, "original_vedo": {"components": 4, "cycle_rank": 45, "degree_two": 287, "edge_samples": 11643, "edge_samples_outside_mask": 604, "edges": 608, "endpoints": 102, "junctions": 178, "nodes": 567, "nodes_outside_mask": 38, "total_length_mm": 1908.5381483915519}}
/lustre/fshomisc/sup/pub/anaconda-py3/h100/2024.06/envs/pytorch-gpu-2.3.1+py3.11.9/lib/python3.11/site-packages/paramiko/pkey.py:82: CryptographyDeprecationWarning: TripleDES has been moved to cryptography.hazmat.decrepit.ciphers.algorithms.TripleDES and will be removed from this module in 48.0.0.
  "cipher": algorithms.TripleDES,
/lustre/fshomisc/sup/pub/anaconda-py3/h100/2024.06/envs/pytorch-gpu-2.3.1+py3.11.9/lib/python3.11/site-packages/paramiko/transport.py:219: CryptographyDeprecationWarning: Blowfish has been moved to cryptography.hazmat.decrepit.ciphers.algorithms.Blowfish and will be removed from this module in 45.0.0.
  "class": algorithms.Blowfish,
/lustre/fshomisc/sup/pub/anaconda-py3/h100/2024.06/envs/pytorch-gpu-2.3.1+py3.11.9/lib/python3.11/site-packages/paramiko/transport.py:243: CryptographyDeprecationWarning: TripleDES has been moved to cryptography.hazmat.decrepit.ciphers.algorithms.TripleDES and will be removed from this module in 48.0.0.
  "class": algorithms.TripleDES,
{"dense": {"current": {"visible_edges": 117, "visible_junctions": 9}, "original_vedo": {"visible_edges": 114, "visible_junctions": 12}}, "adaptive": {"current": {"visible_edges": 22, "visible_junctions": 9}, "original_vedo": {"visible_edges": 24, "visible_junctions": 12}}}
2026-09-22T12:18:04+02:00
COMPARISON_COMPLETE
